// Jest Snapshot v1, https://goo.gl/fbAQLP

exports[`Government component renders correctly 1`] = `
<div
  className="desc-message"
>
  <p>
    Loading ...
  </p>
</div>
`;
