// Jest Snapshot v1, https://goo.gl/fbAQLP

exports[`NotFound component renders correctly 1`] = `
<p>
  Page is not found. 404!
</p>
`;
